[4194303,4194302,4194301,4194300,4194299,4194298,4194297,4194296,4194295,4194294]
