[0,536870912,805306368,268435456,402653184,939524096,671088640,134217728,201326592,738197504,1006632960,469762048,335544320,872415232,603979776,67108864,100663296,637534208,905969664,369098752,503316480,1040187392,771751936,234881024,167772160,704643072,973078528,436207616,301989888,838860800,570425344,33554432,50331648,587202560,855638016,318767104,452984832,989855744,721420288,184549376,251658240,788529152,1056964608,520093696,385875968,922746880,654311424,117440512,83886080,620756992,889192448,352321536,486539264,1023410176,754974720,218103808,150994944,687865856,956301312,419430400,285212672,822083584,553648128,16777216,25165824,562036736,830472192,293601280,427819008,964689920,696254464,159383552,226492416,763363328,1031798784,494927872,360710144,897581056,629145600,92274688,125829120,662700032,931135488,394264576,528482304,1065353216,796917760,260046848,192937984,729808896,998244352,461373440,327155712,864026624,595591168,58720256,41943040,578813952,847249408,310378496]
