[0,4096,8192,12288,16384,20480,24576,28672,32768,36864,40960,45056,49152,53248,57344,61440,65536,69632,73728,77824,81920,86016,90112,94208,98304,102400,106496,110592,114688,118784,122880,126976,131072,135168,139264,143360,147456,151552,155648,159744,163840,167936,172032,176128,180224,184320,188416,192512,196608,200704,204800,208896,212992,217088,221184,225280,229376,233472,237568,241664,245760,249856,253952,258048,262144,266240,270336,274432,278528,282624,286720,290816,294912,299008,303104,307200,311296,315392,319488,323584,327680,331776,335872,339968,344064,348160,352256,356352,360448,364544,368640,372736,376832,380928,385024,389120,393216,397312,401408,405504]
