[496,1520,2544,3568,4592,5616,6640,7664,8688,9712,10736,11760,12784,13808,14832,15856,16880,17904,18928,19952,20976,22000,23024,24048,25072,26096,27120,28144,29168,30192,31216,32240]
