[10416,26288,42160,58032,73904,89776,105648,121520,137392,153264,169136,185008,200880,216752,232624,248496,264368,280240,296112,311984,327856,343728,359600,375472,391344,407216,423088,438960,454832,470704,486576,502448]
